// Jest Snapshot v1, https://goo.gl/fbAQLP

exports[`Input renders correctly 1`] = `
.c0 {
  border: 1px solid #ccc;
  border-radius: 4px;
  box-sizing: border-box;
  font-size: 16px;
  font-weight: 300;
  padding: 10px 40px 10px 10px;
  width: 150px;
}

<input
  className="c0"
/>
`;
